IP (tos 0x0, ttl 64, id 30095, offset 0, flags [DF], proto DCCP (33), length 52)
    139.133.209.176.52667 > 139.133.209.65.5001: CCVal 0, CsCov 0, cksum 0xa766 (correct), request (service=0) 
IP (tos 0x0, ttl 64, id 0, offset 0, flags [DF], proto DCCP (33), length 68)
    139.133.209.65.5001 > 139.133.209.176.52667: CCVal 0, CsCov 0, cksum 0x9a1a (correct), response (service=0) (ack=33164071488) 
IP (tos 0x0, ttl 64, id 30096, offset 0, flags [DF], proto DCCP (33), length 56)
    139.133.209.176.52667 > 139.133.209.65.5001: CCVal 0, CsCov 0, cksum 0xdf09 (correct), ack (ack=1925546833) 
IP (tos 0x0, ttl 64, id 30097, offset 0, flags [DF], proto DCCP (33), length 68)
    139.133.209.176.52667 > 139.133.209.65.5001: CCVal 0, CsCov 1, cksum 0x9dfa (correct), dataack (ack=1925546833) 
IP (tos 0x0, ttl 64, id 24713, offset 0, flags [DF], proto DCCP (33), length 52)
    139.133.209.65.5001 > 139.133.209.176.52667: CCVal 0, CsCov 0, cksum 0xe632 (correct), ack (ack=33164071490) 
IP (tos 0x0, ttl 64, id 30098, offset 0, flags [DF], proto DCCP (33), length 52)
    139.133.209.176.52667 > 139.133.209.65.5001: CCVal 0, CsCov 0, cksum 0xdf8d (correct), close (ack=1925546834) 
IP (tos 0x0, ttl 64, id 24714, offset 0, flags [DF], proto DCCP (33), length 60)
    139.133.209.65.5001 > 139.133.209.176.52667: CCVal 0, CsCov 0, cksum 0xd900 (correct), reset (code=closed) (ack=33164071491) 
