IP (tos 0x0, ttl 64, id 65312, offset 0, flags [DF], proto DCCP (33), length 52)
    139.133.209.176.39420 > 139.133.209.65.5001: CCVal 0, CsCov 0, cksum 0xaaf3 (correct), request (service=0) 
IP (tos 0x0, ttl 64, id 0, offset 0, flags [DF], proto DCCP (33), length 68)
    139.133.209.65.5001 > 139.133.209.176.39420: CCVal 0, CsCov 0, cksum 0xb04b (correct), response (service=0) (ack=38464816766) 
IP (tos 0x0, ttl 64, id 65313, offset 0, flags [DF], proto DCCP (33), length 56)
    139.133.209.176.39420 > 139.133.209.65.5001: CCVal 0, CsCov 0, cksum 0xf53a (correct), ack (ack=1960341146) 
IP (tos 0x0, ttl 64, id 65314, offset 0, flags [DF], proto DCCP (33), length 152)
    139.133.209.176.39420 > 139.133.209.65.5001: CCVal 0, CsCov 6, cksum 0x7d28 (correct), dataack (ack=1960341146) 
IP (tos 0x0, ttl 64, id 3176, offset 0, flags [DF], proto DCCP (33), length 52)
    139.133.209.65.5001 > 139.133.209.176.39420: CCVal 0, CsCov 0, cksum 0xfc63 (correct), ack (ack=38464816768) 
IP (tos 0x0, ttl 64, id 65315, offset 0, flags [DF], proto DCCP (33), length 148)
    139.133.209.176.39420 > 139.133.209.65.5001: CCVal 0, CsCov 6, cksum 0x5e05 (correct), dataack (ack=1960341147) 
IP (tos 0x0, ttl 64, id 3177, offset 0, flags [DF], proto DCCP (33), length 52)
    139.133.209.65.5001 > 139.133.209.176.39420: CCVal 0, CsCov 0, cksum 0x0165 (correct), ack (ack=38464816769) 
IP (tos 0x0, ttl 64, id 65316, offset 0, flags [DF], proto DCCP (33), length 148)
    139.133.209.176.39420 > 139.133.209.65.5001: CCVal 0, CsCov 6, cksum 0x5e1e (correct), dataack (ack=1960341148) 
IP (tos 0x0, ttl 64, id 65317, offset 0, flags [DF], proto DCCP (33), length 148)
    139.133.209.176.39420 > 139.133.209.65.5001: CCVal 0, CsCov 6, cksum 0x5e15 (correct), dataack (ack=1960341148) 
IP (tos 0x0, ttl 64, id 3178, offset 0, flags [DF], proto DCCP (33), length 56)
    139.133.209.65.5001 > 139.133.209.176.39420: CCVal 0, CsCov 0, cksum 0xfb32 (correct), ack (ack=38464816770) 
IP (tos 0x0, ttl 64, id 3179, offset 0, flags [DF], proto DCCP (33), length 56)
    139.133.209.65.5001 > 139.133.209.176.39420: CCVal 0, CsCov 0, cksum 0xfa2f (correct), ack (ack=38464816771) 
IP (tos 0x0, ttl 64, id 65318, offset 0, flags [DF], proto DCCP (33), length 148)
    139.133.209.176.39420 > 139.133.209.65.5001: CCVal 0, CsCov 6, cksum 0x5e35 (correct), dataack (ack=1960341150) 
IP (tos 0x0, ttl 64, id 65319, offset 0, flags [DF], proto DCCP (33), length 52)
    139.133.209.176.39420 > 139.133.209.65.5001: CCVal 0, CsCov 0, cksum 0xf638 (correct), close (ack=1960341150) 
IP (tos 0x0, ttl 64, id 3180, offset 0, flags [DF], proto DCCP (33), length 56)
    139.133.209.65.5001 > 139.133.209.176.39420: CCVal 0, CsCov 0, cksum 0xfb2c (correct), ack (ack=38464816772) 
IP (tos 0x0, ttl 64, id 3181, offset 0, flags [DF], proto DCCP (33), length 60)
    139.133.209.65.5001 > 139.133.209.176.39420: CCVal 0, CsCov 0, cksum 0xef25 (correct), reset (code=closed) (ack=38464816773) 
