tcpdump: truncated dump file; tried to read 4046467108 bytes, only got 0
