tcpdump: truncated dump file; tried to read 1680879652 bytes, only got 0
