tcpdump: truncated dump file; tried to read 1932537892 bytes, only got 0
