tcpdump: truncated dump file; tried to read 2150641700 bytes, only got 0
