tcpdump: truncated dump file; tried to read 3794808868 bytes, only got 0
