tcpdump: truncated dump file; tried to read 808464420 bytes, only got 0
