tcpdump: truncated dump file; tried to read 3710922788 bytes, only got 0
