tcpdump: truncated dump file; tried to read 2905616420 bytes, only got 0
