tcpdump: truncated dump file; tried to read 4281348132 bytes, only got 0
