tcpdump: truncated dump file; tried to read 3929026596 bytes, only got 0
