tcpdump: truncated dump file; tried to read 1915760676 bytes, only got 0
